I'm sorry, but errors were detected in your script. Please correct the
errors listed below, and try again.


File "game/credits.rpy", line 1: expected statement.
    labelabel credits:
                     ^

Ren'Py Version: Ren'Py 6.99.14.3.3347
Thu May 10 14:45:17 2018
